// Jest Snapshot v1, https://goo.gl/fbAQLP

exports[`App should match the snapshot 1`] = `
<div
  className="App"
>
  <header>
    <h1
      className="app-title"
    >
      My Order History
    </h1>
    <div
      className="purchase-form"
    >
      <OrderForm
        addNewPurchase={[Function]}
      />
    </div>
  </header>
  <div
    className="purchase-container"
  >
    <Orders
      orderArray={
        Array [
          Object {
            "description": "blah",
            "id": 1,
            "image": "broken-link.png",
            "name": "Blah",
            "price": 100,
          },
        ]
      }
      removePurchase={[Function]}
    />
  </div>
</div>
`;
